Router>
Router>
Router>
Router>en
Router>enable 
Router#cof
Router#cofcon
Router#conf
Router#configure 
Configuring from terminal, memory, or network [terminal]? 
Enter configuration commands, one per line.  End with CNTL/Z.
Router(config)#ip dhcp pool CSE
Router(dhcp-config)#net
% Incomplete command.
Router(dhcp-config)#net
Router(dhcp-config)#network 192.168.1.0 255.255.255.0
Router(dhcp-config)#def
Router(dhcp-config)#default-router 192.168.1.1
Router(dhcp-config)#ex
Router(config)#ip dhcp EEE
                        ^
% Invalid input detected at '^' marker.
	
Router(config)#ip dhcp pool EEE
Router(dhcp-config)#net
Router(dhcp-config)#network 192.168.2.0 255.255.255.0
Router(dhcp-config)#def
Router(dhcp-config)#default-router 192.168.2.1
Router(dhcp-config)#do wr
Router(dhcp-config)#ex
Router(config)#do show run
